// Jest Snapshot v1, https://goo.gl/fbAQLP

exports[`Templates/Home Should match snapshot 1`] = `
<Page>
  <Hero
    content="Welcome back!"
    title="Hey, TestUsername"
    withBackButton={false}
  />
</Page>
`;
