// Jest Snapshot v1, https://goo.gl/fbAQLP

exports[`Organisms/NavBar Should match snapshot 1`] = `
<styled.nav>
  <Link
    style={
      Object {
        "textDecoration": "none",
      }
    }
    to="/"
  >
    <styled.span>
      <styled.h2>
        Reactify
      </styled.h2>
      <FontAwesomeIcon
        border={false}
        className=""
        fixedWidth={false}
        flip={null}
        icon={
          Object {
            "icon": Array [
              496,
              512,
              Array [],
              "f51f",
              "M248 8C111 8 0 119 0 256s111 248 248 248 248-111 248-248S385 8 248 8zM88 256H56c0-105.9 86.1-192 192-192v32c-88.2 0-160 71.8-160 160zm160 96c-53 0-96-43-96-96s43-96 96-96 96 43 96 96-43 96-96 96zm0-128c-17.7 0-32 14.3-32 32s14.3 32 32 32 32-14.3 32-32-14.3-32-32-32z",
            ],
            "iconName": "compact-disc",
            "prefix": "fas",
          }
        }
        inverse={false}
        listItem={false}
        mask={null}
        pull={null}
        pulse={false}
        rotation={null}
        size={null}
        spin={false}
        style={
          Object {
            "color": "#fff",
            "height": "25px",
            "margin": "5px",
            "width": "25px",
          }
        }
        swapOpacity={false}
        symbol={false}
        title=""
        transform={null}
      />
    </styled.span>
  </Link>
  <styled.div>
    <styled.div
      key="Songs"
    >
      <NavLink
        activeStyle={
          Object {
            "color": "white",
            "fontWeight": "bold",
            "textDecoration": "none",
          }
        }
        style={
          Object {
            "color": "grey",
            "textDecoration": "none",
          }
        }
        to="/songs"
      >
        Songs
      </NavLink>
    </styled.div>
    <styled.div
      key="Artists"
    >
      <NavLink
        activeStyle={
          Object {
            "color": "white",
            "fontWeight": "bold",
            "textDecoration": "none",
          }
        }
        style={
          Object {
            "color": "grey",
            "textDecoration": "none",
          }
        }
        to="/artists"
      >
        Artists
      </NavLink>
    </styled.div>
    <styled.div
      key="Playlists"
    >
      <NavLink
        activeStyle={
          Object {
            "color": "white",
            "fontWeight": "bold",
            "textDecoration": "none",
          }
        }
        style={
          Object {
            "color": "grey",
            "textDecoration": "none",
          }
        }
        to="/playlists"
      >
        Playlists
      </NavLink>
    </styled.div>
  </styled.div>
  <styled.div />
</styled.nav>
`;
