// Jest Snapshot v1, https://goo.gl/fbAQLP

exports[`Atoms/CircleImage Should match snapshot 1`] = `<styled.img />`;
