// Jest Snapshot v1, https://goo.gl/fbAQLP

exports[`Atoms/CTA Should match snapshot 1`] = `
<styled.button
  onClick={[MockFunction]}
  primary={true}
>
  Click me!
</styled.button>
`;
