// Jest Snapshot v1, https://goo.gl/fbAQLP

exports[`Organisms/Footer Should match snapshot 1`] = `<styled.div />`;
