// Jest Snapshot v1, https://goo.gl/fbAQLP

exports[`Atoms/Content Should match snapshot 1`] = `<styled.div />`;
