// Jest Snapshot v1, https://goo.gl/fbAQLP

exports[`Molecules/TrackListItem Should match snapshot 1`] = `
<div>
  <styled.div>
    <div
      style={
        Object {
          "position": "relative",
        }
      }
    >
      <styled.img
        src="https://i.scdn.co/image/ab67616d0000b273902c717af274bfcfb232721f"
      />
      <styled.div
        onClick={[Function]}
      >
        <FontAwesomeIcon
          border={false}
          className=""
          fixedWidth={false}
          flip={null}
          icon={
            Object {
              "icon": Array [
                448,
                512,
                Array [],
                "f04b",
                "M424.4 214.7L72.4 6.6C43.8-10.3 0 6.1 0 47.9V464c0 37.5 40.7 60.1 72.4 41.3l352-208c31.4-18.5 31.5-64.1 0-82.6z",
              ],
              "iconName": "play",
              "prefix": "fas",
            }
          }
          inverse={false}
          listItem={false}
          mask={null}
          pull={null}
          pulse={false}
          rotation={null}
          size={null}
          spin={false}
          style={
            Object {
              "color": "#fff",
              "height": "20px",
              "margin": "5px 5px 5px 5px",
              "width": "20px",
            }
          }
          swapOpacity={false}
          symbol={false}
          title=""
          transform={null}
        />
      </styled.div>
    </div>
    <styled.div>
      <styled.p>
        Nobody Knows
      </styled.p>
      <styled.p>
        Pastor T.L. Barrett and the Youth for Christ Choir
      </styled.p>
    </styled.div>
  </styled.div>
  <styled.div />
</div>
`;
